==============================================================================================================
                                            Iniciando treinamento                                             
==============================================================================================================
----> Configurando opções globais
----> Carregando dados
----> Dataset carregado com 129430 linhas e 103 colunas
----> Removendo colunas
----> Dataset final com 129430 linhas e 13 colunas
----> Ordenando por evento e time_to_tca
----> Atualizando index (event_id, time_to_tca)
----> Reamostrando dados
----> Salvando dados em LAST_RUN_FOR_REAL_REAL/n_clusters_2/models/training/resampled.csv
----> Salvando modelos em LAST_RUN_FOR_REAL_REAL/n_clusters_2/models/training
----> Salvando modelo resampler em LAST_RUN_FOR_REAL_REAL/n_clusters_2/models/training/resampler.pkl
----> Removendo resampler
----> Salvando dados em LAST_RUN_FOR_REAL_REAL/n_clusters_2/models/training/normalized.csv
----> Salvando modelos em LAST_RUN_FOR_REAL_REAL/n_clusters_2/models/training
----> Salvando modelo scaler em LAST_RUN_FOR_REAL_REAL/n_clusters_2/models/training/scaler.pkl
-------------------------------------------------------
    Estatísticas descritivas (Dataset normalizado)     
-------------------------------------------------------
                              mean    std      min      25%      50%     75%     max
c_cd_area_over_mass        -0.0000 1.0000 -32.1930  -0.2142  -0.1439 -0.0758 36.5989
c_cr_area_over_mass        -0.0000 1.0000  -0.8064  -0.2851  -0.1840 -0.0865 41.0111
c_obs_used                 -0.0000 1.0000  -0.6550  -0.4721  -0.3650 -0.0484 24.7795
c_position_covariance_det  -0.0000 1.0000  -0.1538  -0.1538  -0.1538 -0.1538  7.1622
c_recommended_od_span      -0.0000 1.0000  -1.1393  -0.6457  -0.1757  0.4116 21.7253
c_sedr                      0.0000 1.0000  -4.1697  -0.2254  -0.2053 -0.1479 26.1621
c_time_lastob_end           0.0000 1.0000  -0.7268  -0.7268  -0.7268  0.5251  1.7771
c_time_lastob_start        -0.0000 1.0000  -0.5416  -0.5416  -0.5416 -0.5276  1.9516
mahalanobis_distance        0.0000 1.0000  -0.4468  -0.4013  -0.2921  0.0070 36.5587
max_risk_scaling            0.0000 1.0000  -0.0565  -0.0565  -0.0565 -0.0562 61.0027
risk                      -18.3725 9.7673 -30.0000 -30.0000 -15.2697 -8.7069 -1.5585
----> Removendo scaler
==============================================================================================================
                                           Iniciando Clusterização                                            
==============================================================================================================
1225.544 --> 589.902 --> 577.756 --> 573.194 --> 572.723 --> 572.676 --> 