==============================================================================================================
                                            Iniciando treinamento                                             
==============================================================================================================
----> Configurando opções globais
----> Carregando dados
----> Dataset carregado com 129430 linhas e 103 colunas
----> Removendo colunas
----> Dataset final com 129430 linhas e 13 colunas
----> Ordenando por evento e time_to_tca
----> Atualizando index (event_id, time_to_tca)
----> Reamostrando dados
----> Salvando dados em LAST_RUN_FOR_REAL_REAL/n_clusters_3/models/training/resampled.csv
----> Salvando modelos em LAST_RUN_FOR_REAL_REAL/n_clusters_3/models/training
----> Salvando modelo resampler em LAST_RUN_FOR_REAL_REAL/n_clusters_3/models/training/resampler.pkl
----> Removendo resampler
----> Salvando dados em LAST_RUN_FOR_REAL_REAL/n_clusters_3/models/training/normalized.csv
----> Salvando modelos em LAST_RUN_FOR_REAL_REAL/n_clusters_3/models/training
----> Salvando modelo scaler em LAST_RUN_FOR_REAL_REAL/n_clusters_3/models/training/scaler.pkl
-------------------------------------------------------
    Estatísticas descritivas (Dataset normalizado)     
-------------------------------------------------------
                              mean    std      min      25%      50%     75%     max
c_cd_area_over_mass        -0.0000 1.0000 -32.1930  -0.2142  -0.1439 -0.0758 36.5989
c_cr_area_over_mass        -0.0000 1.0000  -0.8064  -0.2851  -0.1840 -0.0865 41.0111
c_obs_used                 -0.0000 1.0000  -0.6550  -0.4721  -0.3650 -0.0484 24.7795
c_position_covariance_det  -0.0000 1.0000  -0.1538  -0.1538  -0.1538 -0.1538  7.1622
c_recommended_od_span      -0.0000 1.0000  -1.1393  -0.6457  -0.1757  0.4116 21.7253
c_sedr                      0.0000 1.0000  -4.1697  -0.2254  -0.2053 -0.1479 26.1621
c_time_lastob_end           0.0000 1.0000  -0.7268  -0.7268  -0.7268  0.5251  1.7771
c_time_lastob_start        -0.0000 1.0000  -0.5416  -0.5416  -0.5416 -0.5276  1.9516
mahalanobis_distance        0.0000 1.0000  -0.4468  -0.4013  -0.2921  0.0070 36.5587
max_risk_scaling            0.0000 1.0000  -0.0565  -0.0565  -0.0565 -0.0562 61.0027
risk                      -18.3725 9.7673 -30.0000 -30.0000 -15.2697 -8.7069 -1.5585
----> Removendo scaler
==============================================================================================================
                                           Iniciando Clusterização                                            
==============================================================================================================
583.991 --> 452.094 --> 450.440 --> 448.774 --> 447.935 --> 446.101 --> 445.358 --> 443.987 --> 443.240 --> 441.939 --> 440.879 --> 439.783 --> 438.766 --> 438.151 --> 436.981 --> 436.711 --> 435.980 --> 434.955 --> 434.555 --> 434.485 --> 434.424 --> 434.418 --> 434.417 --> 434.416 --> 434.416 --> 434.415 --> 434.404 --> 434.404 --> 434.404 --> 
----> Atualizando index (cluster, time_to_tca)
==============================================================================================================
                                                   Clusters                                                   
==============================================================================================================
-------------------------------------------------------
  Amplitude do desvio padrão relativa por cluster (%)  
-------------------------------------------------------
         max_risk_scaling  mahalanobis_distance  c_position_covariance_det  c_obs_used  c_recommended_od_span  c_sedr  c_time_lastob_end  c_time_lastob_start  c_cr_area_over_mass  c_cd_area_over_mass    risk
cluster                                                                                                                                                                                                        
0                  3.3013                4.6003                    17.4620      8.0532                 7.3729  6.9396            29.1070              26.2400               6.2714               3.0522 20.3027
1                  0.8800                1.6716                    17.5062      2.8113                 6.4894  5.1165            44.7767              47.7076               3.8467               2.3540 13.2880
2                  1.4414                3.7923                     8.2789      5.2133                 3.7036  3.5994            35.9209              34.9290               5.7062               2.4423 33.6142
-------------------------------------------------------
         Estatísticas descritivas (Cluster 0)          
-------------------------------------------------------
                              mean    std      min      25%      50%      75%     max
c_cd_area_over_mass        -0.1164 0.4105  -2.4678  -0.2401  -0.1696  -0.1084 10.9808
c_cr_area_over_mass        -0.1678 0.3097  -0.3091  -0.3060  -0.2266  -0.1361  4.6300
c_obs_used                  0.3545 1.3744  -0.5979  -0.4263  -0.2433   0.4772 16.4684
c_position_covariance_det   0.1287 1.2775  -0.1538  -0.1538  -0.1538  -0.1538  7.1622
c_recommended_od_span      -0.2309 0.6184  -1.0564  -0.7526  -0.3629   0.2107  7.3312
c_sedr                     -0.0655 0.5824  -0.2936  -0.2277  -0.2083  -0.1784  8.0985
c_time_lastob_end          -0.3648 0.7288  -0.7268  -0.7268  -0.7268  -0.6130  1.7771
c_time_lastob_start        -0.3407 0.6542  -0.5416  -0.5416  -0.5416  -0.5403  1.9516
mahalanobis_distance        0.5013 1.7024  -0.4468  -0.3259  -0.0284   0.6856 36.5587
max_risk_scaling            0.1619 2.0158  -0.0565  -0.0564  -0.0556  -0.0467 61.0027
risk                      -27.3440 5.3676 -30.0000 -30.0000 -30.0000 -28.5429 -3.5624
-------------------------------------------------------
         Estatísticas descritivas (Cluster 1)          
-------------------------------------------------------
                             mean    std      min      25%     50%     75%     max
c_cd_area_over_mass        0.1670 1.6193 -32.1930  -0.1896 -0.1271 -0.0360 36.5989
c_cr_area_over_mass        0.2198 1.6073  -0.7729  -0.2784 -0.1620 -0.0037 41.0111
c_obs_used                -0.2462 0.7150  -0.6550  -0.5178 -0.4362 -0.2891 24.7795
c_position_covariance_det  0.0810 1.2808  -0.1538  -0.1538 -0.1538 -0.1538  7.1622
c_recommended_od_span      0.1539 1.3185  -1.1393  -0.6296 -0.1707  0.4672 19.1785
c_sedr                     0.2056 1.5519  -4.1697  -0.2210 -0.1866 -0.0397 26.1621
c_time_lastob_end          0.4408 1.1212  -0.7268  -0.7268  0.5251  1.7771  1.7771
c_time_lastob_start        0.4275 1.1895  -0.5416  -0.5416 -0.5276  1.9516  1.9516
mahalanobis_distance      -0.2762 0.3814  -0.4468  -0.4291 -0.3841 -0.2585 22.3674
max_risk_scaling          -0.0508 0.3990  -0.0565  -0.0565 -0.0565 -0.0565 45.2847
risk                      -9.7131 3.7793 -30.0000 -12.3341 -8.5117 -6.8949 -1.5585
-------------------------------------------------------
         Estatísticas descritivas (Cluster 2)          
-------------------------------------------------------
                              mean    std      min      25%      50%      75%     max
c_cd_area_over_mass        -0.0649 0.4922  -3.3931  -0.2157  -0.1468  -0.0828 16.7595
c_cr_area_over_mass        -0.0804 0.5208  -0.8064  -0.2747  -0.1826  -0.0956  8.3197
c_obs_used                  0.0336 0.9603  -0.6207  -0.4492  -0.3348   0.0197 17.7991
c_position_covariance_det  -0.0943 0.6057  -0.1538  -0.1538  -0.1538  -0.1538  7.1622
c_recommended_od_span      -0.0178 0.8455  -1.1052  -0.5833  -0.1190   0.4204 21.7253
c_sedr                     -0.1063 0.5522  -0.4321  -0.2266  -0.2110  -0.1720 14.9105
c_time_lastob_end          -0.1517 0.8994  -0.7268  -0.7268  -0.7268   0.5251  1.7771
c_time_lastob_start        -0.1515 0.8709  -0.5416  -0.5416  -0.5416  -0.5276  1.9516
mahalanobis_distance        0.0025 0.8701  -0.4468  -0.3793  -0.2537   0.0442 22.4968
max_risk_scaling           -0.0232 0.6892  -0.0565  -0.0565  -0.0565  -0.0560 47.7586
risk                      -20.7393 9.4294 -30.0000 -30.0000 -23.3971 -11.4110 -1.9483
----> Salvando modelos em LAST_RUN_FOR_REAL_REAL/n_clusters_3/models/training
----> Salvando modelo km em LAST_RUN_FOR_REAL_REAL/n_clusters_3/models/training/km.pkl
----> Salvando dados em LAST_RUN_FOR_REAL_REAL/n_clusters_3/models/training/clusterized.csv
----> Removendo km
==============================================================================================================
                                            Classificando Clusters                                            
==============================================================================================================
-------------------------------------------------------
         Estatísticas descritivas (Cluster 0)          
-------------------------------------------------------
                               mean       std      min       25%       50%       75%        max
c_cd_area_over_mass         -0.1164    0.4105  -2.4678   -0.2401   -0.1696   -0.1084    10.9808
c_cr_area_over_mass         -0.1678    0.3097  -0.3091   -0.3060   -0.2266   -0.1361     4.6300
c_obs_used                   0.3545    1.3744  -0.5979   -0.4263   -0.2433    0.4772    16.4684
c_position_covariance_det    0.1287    1.2775  -0.1538   -0.1538   -0.1538   -0.1538     7.1622
c_recommended_od_span       -0.2309    0.6184  -1.0564   -0.7526   -0.3629    0.2107     7.3312
c_sedr                      -0.0655    0.5824  -0.2936   -0.2277   -0.2083   -0.1784     8.0985
c_time_lastob_end           -0.3648    0.7288  -0.7268   -0.7268   -0.7268   -0.6130     1.7771
c_time_lastob_start         -0.3407    0.6542  -0.5416   -0.5416   -0.5416   -0.5403     1.9516
event_id                  6570.6414 3755.9084  18.0000 3270.0000 6560.0000 9834.0000 13141.0000
mahalanobis_distance         0.5013    1.7024  -0.4468   -0.3259   -0.0284    0.6856    36.5587
max_risk_scaling             0.1619    2.0158  -0.0565   -0.0564   -0.0556   -0.0467    61.0027
risk                       -27.3440    5.3676 -30.0000  -30.0000  -30.0000  -28.5429    -3.5624
-------------------------------------------------------
         Estatísticas descritivas (Cluster 1)          
-------------------------------------------------------
                               mean       std      min       25%       50%       75%        max
c_cd_area_over_mass          0.1670    1.6193 -32.1930   -0.1896   -0.1271   -0.0360    36.5989
c_cr_area_over_mass          0.2198    1.6073  -0.7729   -0.2784   -0.1620   -0.0037    41.0111
c_obs_used                  -0.2462    0.7150  -0.6550   -0.5178   -0.4362   -0.2891    24.7795
c_position_covariance_det    0.0810    1.2808  -0.1538   -0.1538   -0.1538   -0.1538     7.1622
c_recommended_od_span        0.1539    1.3185  -1.1393   -0.6296   -0.1707    0.4672    19.1785
c_sedr                       0.2056    1.5519  -4.1697   -0.2210   -0.1866   -0.0397    26.1621
c_time_lastob_end            0.4408    1.1212  -0.7268   -0.7268    0.5251    1.7771     1.7771
c_time_lastob_start          0.4275    1.1895  -0.5416   -0.5416   -0.5276    1.9516     1.9516
event_id                  6630.3169 3771.7935   8.0000 3315.7500 6620.5000 9858.0000 13151.0000
mahalanobis_distance        -0.2762    0.3814  -0.4468   -0.4291   -0.3841   -0.2585    22.3674
max_risk_scaling            -0.0508    0.3990  -0.0565   -0.0565   -0.0565   -0.0565    45.2847
risk                        -9.7131    3.7793 -30.0000  -12.3341   -8.5117   -6.8949    -1.5585
-------------------------------------------------------
         Estatísticas descritivas (Cluster 2)          
-------------------------------------------------------
                               mean       std      min       25%       50%       75%        max
c_cd_area_over_mass         -0.0649    0.4922  -3.3931   -0.2157   -0.1468   -0.0828    16.7595
c_cr_area_over_mass         -0.0804    0.5208  -0.8064   -0.2747   -0.1826   -0.0956     8.3197
c_obs_used                   0.0336    0.9603  -0.6207   -0.4492   -0.3348    0.0197    17.7991
c_position_covariance_det   -0.0943    0.6057  -0.1538   -0.1538   -0.1538   -0.1538     7.1622
c_recommended_od_span       -0.0178    0.8455  -1.1052   -0.5833   -0.1190    0.4204    21.7253
c_sedr                      -0.1063    0.5522  -0.4321   -0.2266   -0.2110   -0.1720    14.9105
c_time_lastob_end           -0.1517    0.8994  -0.7268   -0.7268   -0.7268    0.5251     1.7771
c_time_lastob_start         -0.1515    0.8709  -0.5416   -0.5416   -0.5416   -0.5276     1.9516
event_id                  6507.7768 3815.6147   2.0000 3210.0000 6481.5000 9832.0000 13152.0000
mahalanobis_distance         0.0025    0.8701  -0.4468   -0.3793   -0.2537    0.0442    22.4968
max_risk_scaling            -0.0232    0.6892  -0.0565   -0.0565   -0.0565   -0.0560    47.7586
risk                       -20.7393    9.4294 -30.0000  -30.0000  -23.3971  -11.4110    -1.9483
-------------------------------------------------------
                  Matriz de Confusão                   
-------------------------------------------------------
                  Previsto: High  Previsto: Low/Medium
Real: High                     0                   289
Real: Low/Medium               0                 10235
-------------------------------------------------------
Relatório de Classificação (Precision, Recall, F1-Score)
-------------------------------------------------------
              precision    recall  f1-score   support

        High       0.00      0.00      0.00       289
  Low/Medium       0.97      1.00      0.99     10235

    accuracy                           0.97     10524
   macro avg       0.49      0.50      0.49     10524
weighted avg       0.95      0.97      0.96     10524

----> Salvando modelos em LAST_RUN_FOR_REAL_REAL/n_clusters_3/models/training
----> Salvando modelo cluster_risk_mapping em LAST_RUN_FOR_REAL_REAL/n_clusters_3/models/training/cluster_risk_mapping.pkl
----> Mapeamento de risco do cluster salvo.
==============================================================================================================
                                                  Concluído                                                   
==============================================================================================================
